pyenv shell 3.12.8
egordudov@MacBook-Air-Egor Modern_software_development_technologies_535 % pyenv shell 3.12.8
pyenv: shell integration not enabled. Run `pyenv init' for instructions.
egordudov@MacBook-Air-Egor Modern_software_development_technologies_535 % >....                                                                                                              
/usr/src/app/code-user$ git add hexlet.txt
/usr/src/app/code-user$ git commit -m "Add stash information to hexlet.txt"
[main 4eb2d09] Add stash information to hexlet.txt
 1 file changed, 1 insertion(+)
/usr/src/app/code-user$ git stash pop
On branch main
Changes not staged for commit:
  (use "git add <file>..." to update what will be committed)
  (use "git restore <file>..." to discard changes in working directory)
        modified:   index.html

Untracked files:
  (use "git add <file>..." to include in what will be committed)
        quotes.txt
        todo.md

no changes added to commit (use "git add" and/or "git commit -a")
Dropped refs/stash@{0} (30fad8e8cbedb54fc7b44477e463e55236ca4ec8)
/usr/src/app/code-user$ git add .
/usr/src/app/code-user$ git commit -m "Restore stashed changes and add todo.md"
[main 4bdbc33] Restore stashed changes and add todo.md
 3 files changed, 7 insertions(+)
 create mode 100644 quotes.txt
 create mode 100644 todo.md
/usr/src/app/code-user$ " >> task_13.txt
zsh: no such file or directory: file